// Jest Snapshot v1, https://goo.gl/fbAQLP

exports[`Profile should render rocket components correctly 1`] = `
<div
  className="container"
>
  <div
    className="myMission"
  >
    <h2>
      My Missions
    </h2>
    <ul>
      <li>
        SpaceX
      </li>
      <li>
        SpaceX
      </li>
      <li>
        SpaceX Fal
      </li>
    </ul>
  </div>
  <div
    className="myRocket"
  >
    <h2>
      My Rockets
    </h2>
    <ul />
  </div>
</div>
`;
